OK   emd_power rows 4153 >= 4000
OK   emd_centroids rows 5471 >= 5000
OK   substations rows 1192 >= 800
OK   schools rows 12011 >= 11000
OK   pop_grid rows 73016 >= 50000 (nationwide; the old bbox clip gave 21,944)
OK   data_centers version 1
OK   verified data_centers rows 32 > 0
OK   data_centers ids unique
OK   data_centers operational, classified, sourced and in Korea bbox
OK   centroid coords in Korea bbox
OK   substation coords in Korea bbox
OK   school coords in Korea bbox
OK   pop grid coords in Korea bbox
OK   pop grid has cells near 부산
OK   pop grid has cells near 제주
OK   pop grid has cells near 강릉
OK   pop grid has cells near 울산
OK   pop grid has cells near 전주
OK   constants.scoring.coverage present
OK   coverage northernBoundary vertices ascend by longitude
OK   all centroids inside coverage bbox (0 outside)
OK   no centroid north of the MDL/NLL line (0 found: [])
OK   centroid coverage of emd_power 89.9% >= 85%
OK   scenario goyang-deogi: matched 경기도 고양시일산서구 덕이동 (1.17km)
OK   scenario goyang-deogi: emd_power entry resolvable
OK   scenario incheon-residential: matched 인천광역시 부평구 청천동 (1.30km)
OK   scenario incheon-residential: emd_power entry resolvable
OK   scenario sejong-contrast: matched 세종특별자치시 세종특별자치시 반곡동 (0.74km)
OK   scenario sejong-contrast: emd_power entry resolvable
OK   permit_delay rows 31 >= 10
OK   permit_delay baseline sample >= 100 permits
OK   permit_delay has row for 경기도 고양시일산서구
OK   permit_delay has row for 인천광역시 부평구
OK   permit_delay has row for 세종특별자치시 *
OK   permit_delay medians within 0~120 months
OK   news_signal rows 21 >= 10
OK   news_signal conflict counts within article counts
OK   news_signal has row for 경기도 고양시
OK   news_signal has row for 인천광역시 부평구
OK   news_signal has row for 세종특별자치시 *
OK   news_signal top lists capped at 3 articles
OK   news_signal window >= 12 months
OK   news_signal levels are sigungu/city/sido
OK   terrain has the four expected planes
OK   terrain plane lengths == rows*cols (239400)
OK   terrain tiles all loaded (no partial grid)
OK   terrain nodata share 0.00% < 2%
OK   terrain goyang-deogi: land/slope {'landPct': 100, 'slopeP50Deg': 2, 'steepPct': 0, 'elevMean10m': 1}
OK   terrain incheon-residential: land/slope {'landPct': 100, 'slopeP50Deg': 4, 'steepPct': 14, 'elevMean10m': 6}
OK   terrain sejong-contrast: land/slope {'landPct': 100, 'slopeP50Deg': 5, 'steepPct': 0, 'elevMean10m': 4}
OK   terrain 서해 reads as water: {'landPct': 0, 'slopeP50Deg': 0, 'steepPct': 0, 'elevMean10m': 0}
OK   terrain 서해남부 reads as water: {'landPct': 0, 'slopeP50Deg': 0, 'steepPct': 0, 'elevMean10m': 0}
OK   terrain 태백산맥 reads as steep: {'landPct': 100, 'slopeP50Deg': 28, 'steepPct': 91, 'elevMean10m': 90}
OK   terrain slope bands ascend to a catch-all
OK   terrain unsuitable cells receive at least a 20-point deduction
OK   reclaimedOverrides bboxes are ordered and inside Korea
OK   송도 6·8공구 covered by a reclaimed override: ['송도국제도시·인천신항']
OK   three project profiles present
OK   project types do not impose MW or count presets
OK   households year and version
OK   household indicator and source checksum
OK   household grid nationwide
OK   household coordinates, counts and nulls valid
OK   household grid has no duplicate centers
OK   households near 부산
OK   households near 제주
OK   households near 강릉
OK   disaster deduction is 15 points
OK   disaster is not double-counted as a restriction
OK   protected_zones size 3.26 MB <= 3.5 MB
OK   protected_zones zones 1516 >= 1000
OK   protected_zones zones carry id/type/name/bbox/rings
OK   protected_zones rings closed with >= 4 points (0 bad)
OK   protected_zones bboxes ordered and enclosing their rings (0 bad)
OK   protected_zones vertices within 32~39.5 / 123.5~132.5 (0 outside)
OK   every zone type has a constants.scoring.restriction.types entry (unmapped: [])
OK   protected_zones has >= 22 국립공원 (23)
OK   protected_zones has >= 1 습지보호지역 (37)
OK   protected_zones has >= 1 생태·경관보전지역 (33)
OK   protected_zones has >= 1 상수원보호구역 (293)
OK   protected_zones has >= 1 백두대간보호지역 (1)
FAIL restriction types levels are prohibited/conditional
OK   restriction vworldLayers types exist in restriction.types
OK   composite.restrictionGradeCap is a grade
OK   disclaimer.restriction present
OK   protected_zones 북한산 inside a 국립공원 zone: ['북한산']
OK   protected_zones 지리산 inside a 국립공원 zone: ['지리산']
OK   protected_zones 설악산 inside a 국립공원 zone: ['설악산']
OK   protected_zones 서해 has no hit
OK   protected_zones 여의도 has no hit
OK   scenario goyang-deogi: no 법적 입지 제한 zone (golden tests depend on it): []
OK   scenario incheon-residential: no 법적 입지 제한 zone (golden tests depend on it): []
OK   scenario sejong-contrast: no 법적 입지 제한 zone (golden tests depend on it): []

VALIDATION FAILED: 1 error(s)
FAIL: validate_out
