
 RUN  v4.1.11 [WORKSPACE]/work/Camp_It_Ralph/prototype

 ❯ src/lib/onlineLookups.test.ts (39 tests | 5 failed) 14ms
     × undeployed HTML route 1ms
     × unexpected JSON 0ms
     × other plain error 0ms
     × whitespace variant 0ms
     × bounds both declared and actual 404 error bodies 0ms

⎯⎯⎯⎯⎯⎯⎯ Failed Tests 5 ⎯⎯⎯⎯⎯⎯⎯

 FAIL  src/lib/onlineLookups.test.ts > address absence is a validated API error, not an arbitrary HTTP 404 > undeployed HTML route
 FAIL  src/lib/onlineLookups.test.ts > address absence is a validated API error, not an arbitrary HTTP 404 > unexpected JSON
 FAIL  src/lib/onlineLookups.test.ts > address absence is a validated API error, not an arbitrary HTTP 404 > other plain error
 FAIL  src/lib/onlineLookups.test.ts > address absence is a validated API error, not an arbitrary HTTP 404 > whitespace variant
AssertionError: expected true to be false // Object.is equality

- Expected
+ Received

- false
+ true

 ❯ src/lib/onlineLookups.test.ts:152:54
    150|     const error = await geocodeAddress('서울시청').catch((error: Error) =>…
    151|     expect(error).toBeInstanceOf(Error);
    152|     expect((error as Error).message === 'NOT_FOUND').toBe(absent);
       |                                                      ^
    153|   });
    154|   it('bounds both declared and actual 404 error bodies', async () => {

⎯⎯⎯⎯⎯⎯⎯⎯⎯⎯⎯⎯⎯⎯⎯⎯⎯⎯⎯⎯⎯⎯⎯⎯[1/5]⎯

 FAIL  src/lib/onlineLookups.test.ts > address absence is a validated API error, not an arbitrary HTTP 404 > bounds both declared and actual 404 error bodies
AssertionError: expected [Function] to throw error not including 'NOT_FOUND'
 ❯ src/lib/onlineLookups.test.ts:156:41
    154|   it('bounds both declared and actual 404 error bodies', async () => {
    155|     vi.stubGlobal('fetch', vi.fn(async () => new Response('N'.repeat(1…
    156|     await expect(geocodeAddress('서울시청')).rejects.not.toThrow('NOT_FOUN…
       |                                         ^
    157|   });
    158| });

⎯⎯⎯⎯⎯⎯⎯⎯⎯⎯⎯⎯⎯⎯⎯⎯⎯⎯⎯⎯⎯⎯⎯⎯[2/5]⎯


 Test Files  1 failed (1)
      Tests  5 failed | 34 passed (39)
   Start at  18:55:54
   Duration  119ms (transform 34ms, setup 0ms, import 52ms, tests 14ms, environment 0ms)

