
 RUN  v4.1.11 [WORKSPACE]/work/Camp_It_Ralph/prototype

 ❯ src/lib/onlineLookups.test.ts (5 tests | 3 failed) 12ms
     × rejects HTTP 200 {} for restrictions 10ms
     × rejects HTTP 200 {} for zoning 0ms
     × rejects HTTP 200 {} for nearby 0ms

⎯⎯⎯⎯⎯⎯⎯ Failed Tests 3 ⎯⎯⎯⎯⎯⎯⎯

 FAIL  src/lib/onlineLookups.test.ts > online response boundary > rejects HTTP 200 {} for restrictions
AssertionError: promise resolved "{ hits: [], queried: [], …(2) }" instead of rejecting

- Expected
+ Received

- Error {
-   "message": "rejected promise",
+ {
+   "complete": true,
+   "failed": [],
+   "hits": [],
+   "queried": [],
  }

 ❯ src/lib/onlineLookups.test.ts:18:25
     16|   ])('rejects HTTP 200 {} for %s', async (_name, call) => {
     17|     vi.stubGlobal('fetch', vi.fn(async () => Response.json({})));
     18|     await expect(call()).rejects.toThrow();
       |                         ^
     19|   });
     20| });

⎯⎯⎯⎯⎯⎯⎯⎯⎯⎯⎯⎯⎯⎯⎯⎯⎯⎯⎯⎯⎯⎯⎯⎯[1/3]⎯

 FAIL  src/lib/onlineLookups.test.ts > online response boundary > rejects HTTP 200 {} for zoning
AssertionError: promise resolved "{ landUse: 'unknown', all: [] }" instead of rejecting

- Expected
+ Received

- Error {
-   "message": "rejected promise",
+ {
+   "all": [],
+   "landUse": "unknown",
  }

 ❯ src/lib/onlineLookups.test.ts:18:25
     16|   ])('rejects HTTP 200 {} for %s', async (_name, call) => {
     17|     vi.stubGlobal('fetch', vi.fn(async () => Response.json({})));
     18|     await expect(call()).rejects.toThrow();
       |                         ^
     19|   });
     20| });

⎯⎯⎯⎯⎯⎯⎯⎯⎯⎯⎯⎯⎯⎯⎯⎯⎯⎯⎯⎯⎯⎯⎯⎯[2/3]⎯

 FAIL  src/lib/onlineLookups.test.ts > online response boundary > rejects HTTP 200 {} for nearby
AssertionError: promise resolved "{}" instead of rejecting

- Expected
+ Received

- Error {
-   "message": "rejected promise",
- }
+ {}

 ❯ src/lib/onlineLookups.test.ts:18:25
     16|   ])('rejects HTTP 200 {} for %s', async (_name, call) => {
     17|     vi.stubGlobal('fetch', vi.fn(async () => Response.json({})));
     18|     await expect(call()).rejects.toThrow();
       |                         ^
     19|   });
     20| });

⎯⎯⎯⎯⎯⎯⎯⎯⎯⎯⎯⎯⎯⎯⎯⎯⎯⎯⎯⎯⎯⎯⎯⎯[3/3]⎯


 Test Files  1 failed (1)
      Tests  3 failed | 2 passed (5)
   Start at  18:37:26
   Duration  87ms (transform 14ms, setup 0ms, import 19ms, tests 12ms, environment 0ms)

