
 RUN  v4.1.11 [WORKSPACE]/work/Camp_It_Ralph/prototype

 ❯ src/components/App.lookups.test.tsx (1 test | 1 failed) 97ms
     × keeps a confirmed restriction in current and pinned results through manual retry failure 96ms

⎯⎯⎯⎯⎯⎯⎯ Failed Tests 1 ⎯⎯⎯⎯⎯⎯⎯

 FAIL  src/components/App.lookups.test.tsx > current candidate and pin evidence integration > keeps a confirmed restriction in current and pinned results through manual retry failure
TypeError: dialog.current?.close is not a function
 ❯ src/components/CompareDialog.tsx:31:26
     29|   useEffect(() => {
     30|     if (open) dialog.current?.showModal();
     31|     else dialog.current?.close();
       |                          ^
     32|   }, [open]);
     33|   const summary = compareSummary(entries);
 ❯ Object.react_stack_bottom_frame node_modules/react-dom/cjs/react-dom-client.development.js:25989:20
 ❯ runWithFiberInDEV node_modules/react-dom/cjs/react-dom-client.development.js:874:13
 ❯ commitHookEffectListMount node_modules/react-dom/cjs/react-dom-client.development.js:13249:29
 ❯ commitHookPassiveMountEffects node_modules/react-dom/cjs/react-dom-client.development.js:13336:11
 ❯ commitPassiveMountOnFiber node_modules/react-dom/cjs/react-dom-client.development.js:15484:13
 ❯ recursivelyTraversePassiveMountEffects node_modules/react-dom/cjs/react-dom-client.development.js:15439:11
 ❯ commitPassiveMountOnFiber node_modules/react-dom/cjs/react-dom-client.development.js:15718:11
 ❯ recursivelyTraversePassiveMountEffects node_modules/react-dom/cjs/react-dom-client.development.js:15439:11
 ❯ commitPassiveMountOnFiber node_modules/react-dom/cjs/react-dom-client.development.js:15476:11

⎯⎯⎯⎯⎯⎯⎯⎯⎯⎯⎯⎯⎯⎯⎯⎯⎯⎯⎯⎯⎯⎯⎯⎯[1/1]⎯


 Test Files  1 failed (1)
      Tests  1 failed (1)
   Start at  18:46:40
   Duration  468ms (transform 84ms, setup 0ms, import 113ms, tests 97ms, environment 191ms)

