npm notice run prototype@0.0.0 test
npm notice run vitest run src/test/api/edge-redirect.test.ts

 RUN  v4.1.11 [WORKSPACE]/work/Camp_It_Ralph/prototype

 ❯ src/test/api/edge-redirect.test.ts (12 tests | 12 failed) 18ms
     × vworld works where the runtime rejects redirect:error before any network request 10ms
     × ai works where the runtime rejects redirect:error before any network request 2ms
     × vworld rejects HTTP 301 without following, consuming, or reflecting the redirect body 1ms
     × vworld rejects HTTP 302 without following, consuming, or reflecting the redirect body 0ms
     × vworld rejects HTTP 303 without following, consuming, or reflecting the redirect body 0ms
     × vworld rejects HTTP 307 without following, consuming, or reflecting the redirect body 0ms
     × vworld rejects HTTP 308 without following, consuming, or reflecting the redirect body 0ms
     × ai rejects HTTP 301 without following, consuming, or reflecting the redirect body 1ms
     × ai rejects HTTP 302 without following, consuming, or reflecting the redirect body 0ms
     × ai rejects HTTP 303 without following, consuming, or reflecting the redirect body 0ms
     × ai rejects HTTP 307 without following, consuming, or reflecting the redirect body 0ms
     × ai rejects HTTP 308 without following, consuming, or reflecting the redirect body 1ms

⎯⎯⎯⎯⎯⎯ Failed Tests 12 ⎯⎯⎯⎯⎯⎯⎯

 FAIL  src/test/api/edge-redirect.test.ts > Edge-compatible redirect rejection > vworld works where the runtime rejects redirect:error before any network request
AssertionError: expected 502 to be 200 // Object.is equality

- Expected
+ Received

- 200
+ 502

 ❯ src/test/api/edge-redirect.test.ts:28:29
     26|     vi.stubGlobal('fetch', fetch);
     27|     const response = await handler[kind](request(kind, 'success'));
     28|     expect(response.status).toBe(200);
       |                             ^
     29|     if (kind === 'vworld') expect(await response.json()).toMatchObject…
     30|     else expect(await response.text()).toBe('검수용 응답');

⎯⎯⎯⎯⎯⎯⎯⎯⎯⎯⎯⎯⎯⎯⎯⎯⎯⎯⎯⎯⎯⎯⎯[1/12]⎯

 FAIL  src/test/api/edge-redirect.test.ts > Edge-compatible redirect rejection > ai works where the runtime rejects redirect:error before any network request
AssertionError: expected 502 to be 200 // Object.is equality

- Expected
+ Received

- 200
+ 502

 ❯ src/test/api/edge-redirect.test.ts:28:29
     26|     vi.stubGlobal('fetch', fetch);
     27|     const response = await handler[kind](request(kind, 'success'));
     28|     expect(response.status).toBe(200);
       |                             ^
     29|     if (kind === 'vworld') expect(await response.json()).toMatchObject…
     30|     else expect(await response.text()).toBe('검수용 응답');

⎯⎯⎯⎯⎯⎯⎯⎯⎯⎯⎯⎯⎯⎯⎯⎯⎯⎯⎯⎯⎯⎯⎯[2/12]⎯

 FAIL  src/test/api/edge-redirect.test.ts > Edge-compatible redirect rejection > vworld rejects HTTP 301 without following, consuming, or reflecting the redirect body
 FAIL  src/test/api/edge-redirect.test.ts > Edge-compatible redirect rejection > vworld rejects HTTP 302 without following, consuming, or reflecting the redirect body
 FAIL  src/test/api/edge-redirect.test.ts > Edge-compatible redirect rejection > vworld rejects HTTP 303 without following, consuming, or reflecting the redirect body
 FAIL  src/test/api/edge-redirect.test.ts > Edge-compatible redirect rejection > vworld rejects HTTP 307 without following, consuming, or reflecting the redirect body
 FAIL  src/test/api/edge-redirect.test.ts > Edge-compatible redirect rejection > vworld rejects HTTP 308 without following, consuming, or reflecting the redirect body
 FAIL  src/test/api/edge-redirect.test.ts > Edge-compatible redirect rejection > ai rejects HTTP 301 without following, consuming, or reflecting the redirect body
 FAIL  src/test/api/edge-redirect.test.ts > Edge-compatible redirect rejection > ai rejects HTTP 302 without following, consuming, or reflecting the redirect body
 FAIL  src/test/api/edge-redirect.test.ts > Edge-compatible redirect rejection > ai rejects HTTP 303 without following, consuming, or reflecting the redirect body
 FAIL  src/test/api/edge-redirect.test.ts > Edge-compatible redirect rejection > ai rejects HTTP 307 without following, consuming, or reflecting the redirect body
 FAIL  src/test/api/edge-redirect.test.ts > Edge-compatible redirect rejection > ai rejects HTTP 308 without following, consuming, or reflecting the redirect body
AssertionError: expected "vi.fn()" to be called once, but got 0 times
 ❯ src/test/api/edge-redirect.test.ts:46:20
     44|     expect(response.headers.get('cache-control')).toBe('no-store');
     45|     expect(fetch).toHaveBeenCalledTimes(1);
     46|     expect(cancel).toHaveBeenCalledOnce();
       |                    ^
     47|   });
     48| });

⎯⎯⎯⎯⎯⎯⎯⎯⎯⎯⎯⎯⎯⎯⎯⎯⎯⎯⎯⎯⎯⎯⎯[3/12]⎯


 Test Files  1 failed (1)
      Tests  12 failed (12)
   Start at  22:10:16
   Duration  111ms (transform 21ms, setup 0ms, import 27ms, tests 18ms, environment 0ms)

