npm notice run prototype@0.0.0 test:e2e:install
npm notice run playwright install chromium
Downloading Chrome for Testing 153.0.8010.12 (playwright chromium v1243) from https://cdn.playwright.dev/builds/cft/153.0.8010.12/mac-arm64/chrome-mac-arm64.zip
|                                                                                |   0% of 182.1 MiB
|■■■■■■■■                                                                        |  10% of 182.1 MiB
|■■■■■■■■■■■■■■■■                                                                |  20% of 182.1 MiB
|■■■■■■■■■■■■■■■■■■■■■■■■                                                        |  30% of 182.1 MiB
|■■■■■■■■■■■■■■■■■■■■■■■■■■■■■■■■                                                |  40% of 182.1 MiB
|■■■■■■■■■■■■■■■■■■■■■■■■■■■■■■■■■■■■■■■■                                        |  50% of 182.1 MiB
|■■■■■■■■■■■■■■■■■■■■■■■■■■■■■■■■■■■■■■■■■■■■■■■■                                |  60% of 182.1 MiB
|■■■■■■■■■■■■■■■■■■■■■■■■■■■■■■■■■■■■■■■■■■■■■■■■■■■■■■■■                        |  70% of 182.1 MiB
|■■■■■■■■■■■■■■■■■■■■■■■■■■■■■■■■■■■■■■■■■■■■■■■■■■■■■■■■■■■■■■■■                |  80% of 182.1 MiB
|■■■■■■■■■■■■■■■■■■■■■■■■■■■■■■■■■■■■■■■■■■■■■■■■■■■■■■■■■■■■■■■■■■■■■■■■        |  90% of 182.1 MiB
|■■■■■■■■■■■■■■■■■■■■■■■■■■■■■■■■■■■■■■■■■■■■■■■■■■■■■■■■■■■■■■■■■■■■■■■■■■■■■■■■| 100% of 182.1 MiB
Chrome for Testing 153.0.8010.12 (playwright chromium v1243) downloaded to [WORKSPACE]/work/09-fresh-browser-cache/chromium-1243
Downloading FFmpeg (playwright ffmpeg v1011) from https://cdn.playwright.dev/dbazure/download/playwright/builds/ffmpeg/1011/ffmpeg-mac-arm64.zip
|                                                                                |   0% of 1 MiB
|■■■■■■■■                                                                        |  10% of 1 MiB
|■■■■■■■■■■■■■■■■                                                                |  20% of 1 MiB
|■■■■■■■■■■■■■■■■■■■■■■■■                                                        |  31% of 1 MiB
|■■■■■■■■■■■■■■■■■■■■■■■■■■■■■■■■                                                |  40% of 1 MiB
|■■■■■■■■■■■■■■■■■■■■■■■■■■■■■■■■■■■■■■■■                                        |  50% of 1 MiB
|■■■■■■■■■■■■■■■■■■■■■■■■■■■■■■■■■■■■■■■■■■■■■■■■                                |  61% of 1 MiB
|■■■■■■■■■■■■■■■■■■■■■■■■■■■■■■■■■■■■■■■■■■■■■■■■■■■■■■■■                        |  71% of 1 MiB
|■■■■■■■■■■■■■■■■■■■■■■■■■■■■■■■■■■■■■■■■■■■■■■■■■■■■■■■■■■■■■■■■                |  80% of 1 MiB
|■■■■■■■■■■■■■■■■■■■■■■■■■■■■■■■■■■■■■■■■■■■■■■■■■■■■■■■■■■■■■■■■■■■■■■■■        |  90% of 1 MiB
|■■■■■■■■■■■■■■■■■■■■■■■■■■■■■■■■■■■■■■■■■■■■■■■■■■■■■■■■■■■■■■■■■■■■■■■■■■■■■■■■| 100% of 1 MiB
FFmpeg (playwright ffmpeg v1011) downloaded to [WORKSPACE]/work/09-fresh-browser-cache/ffmpeg-1011
Downloading Chrome Headless Shell 153.0.8010.12 (playwright chromium-headless-shell v1243) from https://cdn.playwright.dev/builds/cft/153.0.8010.12/mac-arm64/chrome-headless-shell-mac-arm64.zip
|                                                                                |   0% of 94.3 MiB
|■■■■■■■■                                                                        |  10% of 94.3 MiB
|■■■■■■■■■■■■■■■■                                                                |  20% of 94.3 MiB
|■■■■■■■■■■■■■■■■■■■■■■■■                                                        |  30% of 94.3 MiB
|■■■■■■■■■■■■■■■■■■■■■■■■■■■■■■■■                                                |  40% of 94.3 MiB
|■■■■■■■■■■■■■■■■■■■■■■■■■■■■■■■■■■■■■■■■                                        |  50% of 94.3 MiB
|■■■■■■■■■■■■■■■■■■■■■■■■■■■■■■■■■■■■■■■■■■■■■■■■                                |  60% of 94.3 MiB
|■■■■■■■■■■■■■■■■■■■■■■■■■■■■■■■■■■■■■■■■■■■■■■■■■■■■■■■■                        |  70% of 94.3 MiB
|■■■■■■■■■■■■■■■■■■■■■■■■■■■■■■■■■■■■■■■■■■■■■■■■■■■■■■■■■■■■■■■■                |  80% of 94.3 MiB
|■■■■■■■■■■■■■■■■■■■■■■■■■■■■■■■■■■■■■■■■■■■■■■■■■■■■■■■■■■■■■■■■■■■■■■■■        |  90% of 94.3 MiB
|■■■■■■■■■■■■■■■■■■■■■■■■■■■■■■■■■■■■■■■■■■■■■■■■■■■■■■■■■■■■■■■■■■■■■■■■■■■■■■■■| 100% of 94.3 MiB
Chrome Headless Shell 153.0.8010.12 (playwright chromium-headless-shell v1243) downloaded to [WORKSPACE]/work/09-fresh-browser-cache/chromium_headless_shell-1243
